Welcome to the world of MtmChkin!!!
Please enter team size: (2-6)
Please insert the player name and class: 
You have entered an invalid class. Please try again.
You have entered an invalid class. Please try again.
Please insert the player name and class: 

-------------------------------------------
Start of round 1:

Start of matamDalf's turn: 
Player matamDalf has defeated Goblin and rose 1 Level!
Start of rocky's turn: 
Player rocky has been defeated by a Dragon.

The current ranking of the Team:
Ranking    Player Name     Level     Force HP    Coins Job
1          matamDalf       2         5     100   12    Wizard  
2          rocky           1         5     0     18    Fighter  

-------------------------------------------
Start of round 2:

Start of matamDalf's turn: 
Player matamDalf has defeated Goblin and rose 1 Level!

The current ranking of the Team:
Ranking    Player Name     Level     Force HP    Coins Job
1          matamDalf       3         5     100   14    Wizard  
2          rocky           1         5     0     18    Fighter  

-------------------------------------------
Start of round 3:

Start of matamDalf's turn: 
Player matamDalf has defeated Goblin and rose 1 Level!

The current ranking of the Team:
Ranking    Player Name     Level     Force HP    Coins Job
1          matamDalf       4         5     100   16    Wizard  
2          rocky           1         5     0     18    Fighter  

-------------------------------------------
Start of round 4:

Start of matamDalf's turn: 
Player matamDalf has defeated Goblin and rose 1 Level!

The current ranking of the Team:
Ranking    Player Name     Level     Force HP    Coins Job
1          matamDalf       5         5     100   18    Wizard  
2          rocky           1         5     0     18    Fighter  

-------------------------------------------
Start of round 5:

Start of matamDalf's turn: 
Player matamDalf has defeated Goblin and rose 1 Level!

The current ranking of the Team:
Ranking    Player Name     Level     Force HP    Coins Job
1          matamDalf       6         5     100   20    Wizard  
2          rocky           1         5     0     18    Fighter  

-------------------------------------------
Start of round 6:

Start of matamDalf's turn: 
Player matamDalf has been defeated by a Dragon.
The Game has ended!!!

The current ranking of the Team:
Ranking    Player Name     Level     Force HP    Coins Job
1          matamDalf       6         5     0     28    Wizard  
2          rocky           1         5     0     18    Fighter  
